
> rajesh-portfolio@0.0.0 build
> tsc -b && vite build

src/components/TechStack.tsx(1,17): error TS6133: 'useEffect' is declared but its value is never read.
src/components/utils/initialFX.ts(1,27): error TS7016: Could not find a declaration file for module 'gsap-trial/SplitText'. 'C:/Users/Jadhav/Documents/Antigravity/Portfolio/rajesh-portfolio/node_modules/gsap-trial/SplitText.js' implicitly has an 'any' type.
  Try `npm i --save-dev @types/gsap-trial` if it exists or add a new declaration (.d.ts) file containing `declare module 'gsap-trial/SplitText';`
src/components/utils/splitText.ts(4,27): error TS7016: Could not find a declaration file for module 'gsap-trial/SplitText'. 'C:/Users/Jadhav/Documents/Antigravity/Portfolio/rajesh-portfolio/node_modules/gsap-trial/SplitText.js' implicitly has an 'any' type.
  Try `npm i --save-dev @types/gsap-trial` if it exists or add a new declaration (.d.ts) file containing `declare module 'gsap-trial/SplitText';`
